// Jest Snapshot v1, https://goo.gl/fbAQLP

exports[`Signup should render correctly 1`] = `
<div>
  <div
    class="css-11iocy1"
  >
    <div
      class="css-uhvysr"
    />
    <img
      alt="Brand"
      src="brand.svg"
    />
    <p
      class="MuiTypography-root MuiTypography-body1 css-r0herm-MuiTypography-root"
    >
      Signing up a new account
    </p>
    <div
      class="MuiPaper-root MuiPaper-elevation MuiPaper-rounded MuiPaper-elevation0 css-ee20y-MuiPaper-root"
    >
      <h1
        class="MuiTypography-root MuiTypography-h1 css-10yptsx-MuiTypography-root"
        data-testid="Sign up"
      >
        Sign up
      </h1>
      <p
        class="MuiTypography-root MuiTypography-body1 css-1najbws-MuiTypography-root"
      >
        Let’s validate your email first
      </p>
      <form
        action="#"
      >
        <div
          class="css-1lwbda4-MuiStack-root"
        >
          <div
            class="MuiFormControl-root MuiFormControl-fullWidth MuiTextField-root css-wb57ya-MuiFormControl-root-MuiTextField-root"
          >
            <div
              class="MuiInputBase-root MuiOutlinedInput-root MuiInputBase-colorPrimary MuiInputBase-fullWidth Mui-focused MuiInputBase-formControl css-md26zr-MuiInputBase-root-MuiOutlinedInput-root"
            >
              <input
                aria-invalid="false"
                class="MuiInputBase-input MuiOutlinedInput-input css-1t8l2tu-MuiInputBase-input-MuiOutlinedInput-input"
                id=":r0:"
                name="email"
                placeholder="Insert your email"
                type="text"
                value=""
              />
              <fieldset
                aria-hidden="true"
                class="MuiOutlinedInput-notchedOutline css-1d3z3hw-MuiOutlinedInput-notchedOutline"
              >
                <legend
                  class="css-ihdtdm"
                >
                  <span
                    class="notranslate"
                  >
                    ​
                  </span>
                </legend>
              </fieldset>
            </div>
          </div>
          <button
            class="MuiButtonBase-root MuiButton-root MuiButton-contained MuiButton-containedPrimary MuiButton-sizeLarge MuiButton-containedSizeLarge MuiButton-root MuiButton-contained MuiButton-containedPrimary MuiButton-sizeLarge MuiButton-containedSizeLarge css-1e5b16l-MuiButtonBase-root-MuiButton-root"
            tabindex="0"
            type="submit"
          >
            Next
            <span
              class="MuiTouchRipple-root css-8je8zh-MuiTouchRipple-root"
            />
          </button>
        </div>
      </form>
    </div>
  </div>
</div>
`;
